Xos, Xos, Xos, Xos, Xos^Efs, Xos, Xos, Xos, Xos^Efs, Xos, Xos, Xos, Xos^Efs, Xos, Xos, Xos, Xos^Efs, Xos, Xos, Xos, Xos, Xos, Xos, Xos, Xos, Xos, Xos, Xos, Xos, Xos, Xos, Xos, Xos, Xos, Xos, Xos, Xos, Xos, Xos, Xos, Xos, Xos, Xos, Xos, Xos^Efs, Xos, Xos, Xos, Xos^Efs, Xos, Xos, Xos, Xos
Xos, Xos, Urb, Urb, Urb, Urb, Urb, Urb, Urb, Urb, Urb, Urb, Urb, Urb, Urb, Urb, Urb, Urb, Urb, Xos, Xos, Uu, Urb, Urb, Urb, Urb^Edt, Urb, Xos, Xos, Xos, Urb^Edt, Uu, Xos, Urb^Es, Urb, Xos, Xos, Xos, Urb, Urb^Edb, Xos, Xos, Xos, Xos, Urb, Urb, Urb, Urb, Urb, Urb^Es, Urb, Xos, Xos
Xos, Urb, Urb, Urb, Urb, Urb, Urb, Urb, Urb, Urb, Urb, Urb, Urb, Urb, Urb, Urb, Urb, Urb, Xos, Xos, Xos, Sm, Uu, Urb, Urb, Urb, Xos, Xos, Xos, Xos, Xos, Urb, Xos, Urb, Xos, Xos, Xos, Xos, Rr^Pr\, Urb^Em, Xos, Xos, Urb, Urb, Urb, Urb, Urb, Urb, Urb, Urb, Urb, Urb, Xos
Xos, Xos, Rr^Pr\, Urb, Xos, Xos, Xos, Xos, Xos^Efs, Urb, Urb, Urb, Xos^Efs, Xos, Xos, Xos, Xos^Efs, Xos, Xos, Xos, Urb^Edt, Xos, Xos^Efs, Xos, Xos, Rr^Pr/, Urb, Xos^Efs, Urb^Em, Xos^Efs, Urb, Rr^Pr\, Xos^Efs, Rr^Pr/, Urb, Xos^Efs, Urb, Urb, Urb, Xos, Urb, Urb^Es, Urb, Urb, Xos, Urb, Xos, Urb, Xos, Urb, Urb, Urb, Xos
Xos, Urb, Urb, Xos^Efs, Xos, Xos, Urb, Urb, Urb, Urb, Urb, Urb, Urb, Urb, Urb, Urb, Urb, Urb, Urb, Urb, Urb, Urb, Urb, Urb, Urb, Urb, Urb, Urb, Urb, Urb, Urb, Urb, Urb, Urb, Urb, Urb, Urb, Urb, Urb, Urb, Urb, Urb, Urb, Xos, Xos, Xos, Xos, Xos, Xos, Xos, Urb, Urb, Xos
Xos, Urb, Urb, Urb^Em, Urb^Edt, Xos, Xos, Urb, Urb, Urb, Urb, Urb, Xos^Efs, Urb, Xos, Urb^Es, Xos^Efs, Urb, Urb, Urb, Urb, Urb, Urb, Urb, Urb, Urb, Urb^Es, Urb, Urb, Urb, Urb, Urb, Urb, Urb, Urb, Urb, Urb^Es, Urb, Urb, Urb, Urb, Urb, Urb, Xos, Xos, Xos, Urb, Urb^Em, Urb, Urb, Urb, Urb^Es, Xos
Xos, Uu, Urb, Urb, Sm, Xos, Xos, Urb^Es, Urb, Urb, Urb, Urb, Urb, Xos^Efs, Xos, Xos, Xos^Efs, Xos^Efs, Urb, Urb, Xos^Efs, Xos, Xos, Xos, Xos, Xos, Xos, Xos, Xos, Xos, Xos, Xos, Xos, Xos, Xos^Efs, Xos, Xos, Xos, Xos, Xos, Xos, Urb, Urb, Urb^Es, Xos, Urb, Urb, Urb, Urb, Urb, Xos, Xos, Xos
Xos, Urb^Edt, Urb, Urb, Xos, Xos, Xos, Urb, Urb, Xos, Xos, Urb, Urb, Urb, Urb^Em, Xos, Urb, Urb, Urb, Urb, Urb, Urb^Edt, Urb, Xos, Uu, Uu^Uf, Urb, Urb^Edb, Urb, Xos, Urb^Es, Urb, Urb, Urb, Urb, Urb, Urb, Urb, Urb, Xos, Xos^Efs, Xos, Urb, Urb, Xos, Urb, Urb, Urb^Es, Xos, Xos, Xos, Xos, Xos
Xos, Xos, Xuc, Urb^Es, Xue, Xos, Xos, Urb, Urb, Urb, Rr^Pr/, Xos, Xos, Urb, Urb, Xos, Urb^Edt, Urb, Urb, Urb, Urb, Urb, Urb, Xos, Urb, Urb, Urb, Urb, Urb, Xos, Urb, Urb, Xos, Urb, Urb, Urb, Xos, Urb, Urb, Urb, Urb, Urb, Urb, Urb, Xos^Efs, Urb, Urb, Xos, Xos, Xos, Xos, Xos, Xos
Xue, Xue, Uu^Em, Uu, Xue, Xos, Xos, Urb, Urb, Xos, Urb, Urb^Em, Xos, Urb, Urb, Xos^Efs, Xos^Efs, Urb, Urb, Urb, Urb, Urb, Urb, Xos, Xos, Urb, Urb, Urb, Urb, Xos, Urb, Urb, Xos^Efs, Xos, Xos, Xos, Xos, Xos, Xos^Efs, Urb, Urb^Edt, Urb, Xos^Efs, Xos, Urb, Urb, Urb, Xos, Xos, Xos, Xos, Xos, Xos
Xue, Xue, Ur^Es, Uu^Ufi, Uu^Em, Xue, Xos, Urb, Urb, Xos, Urb^Edb, Uu, Xos, Urb, Urb, Urb^Es, Urb, Xos, Xos^Efs, Urb^Es, Urb, Urb, Urb, Urb, Urb, Rr^Pr\, Xos, Urb, Xos^Efs, Xos, Urb, Urb, Urb, Urb, Urb, Urb, Urb, Urb^Es, Urb, Xos, Xos, Xos^Efs, Urb, Urb, Urb, Urb, Xos, Xos, Xos, Xos, Xos, Xos, Xos
Xos, Xue, Uu^Em, Ur, Xuc, Xue, Xos, Urb, Urb^Em, Xos, Xos, Xos, Rr^Pr\, Urb, Urb, Urb, Urb, Urb, Urb^Em, Xos, Urb, Urb, Urb, Urb, Urb, Urb, Urb^Es, Xos, Urb, Urb, Urb, Urb, Urb, Urb, Urb^Es, Urb, Urb, Urb, Urb, Urb, Urb, Urb, Urb, Urb, Xos, Rr^Pr/, Urb, Urb^Em, Uu, Xos, Xos, Xos, Xos
Xos, Xue, Xue, Uu^Edt, Urb^Em, Xos, Xos, Urb, Urb, Xos, Urb^Edt, Urb, Xos, Xos, Rr^Pr\, Urb, Urb, Urb, Urb, Xos, Urb, Urb, Xos, Xos, Xos, Urb, Urb, Xos, Urb, Urb^Es, Urb, Urb, Urb, Urb, Urb, Urb, Xos, Urb, Urb, Urb^Es, Urb, Urb, Xos, Xos, Urb^Em, Urb, Urb, Urb, Xos, Xos, Urb, Xos, Xos
Xos, Xos, Xos^Efs, Xos, Urb, Urb, Xos, Urb, Urb^Es, Xos, Urb, Urb, Xos, Urb^Em, Urb, Xos, Xos, Urb, Urb, Xos, Urb, Urb, Xos, Xos, Xos, Urb^Es, Urb, Xos, Urb, Urb, Xos, Urb, Xos, Urb, Urb, Urb, Xos, Urb, Urb, Urb, Urb, Urb, Xos, Sm, Uu, Uu, Xos, Xos^Efs, Urb, Urb, Urb, Urb, Xos
Xos, Xos^Efs, Urb, Urb, Urb, Urb, Xos, Urb, Urb, Xos, Urb^Es, Urb, Xos, Urb, Urb, Urb^Es, Xos, Urb, Urb, Xos, Urb^Es, Urb, Urb, Xos^Efs, Urb, Urb, Urb, Xos, Urb, Urb, Xos, Xos, Urb^Edt, Xos, Xos, Xos, Xos, Xos, Xos, Xos^Efs, Urb^Es, Urb, Urb, Xos^Efs, Xos, Xos^Efs, Urb, Urb^Es, Urb, Urb, Urb, Urb, Xos
Xos, Urb^Es, Urb, Urb, Urb, Urb, Xos, Urb, Urb, Xos^Efs, Xos^Efs, Uu, Xos, Urb, Urb^Es, Urb, Xos, Urb, Urb, Xos, Urb, Urb, Urb, Urb, Urb, Urb, Xos, Xos, Xos, Rr^Pr/, Urb, Urb, Urb, Urb^Em, Urb, Xos, Xos, Xos, Xu, Xos, Xos, Urb, Urb, Urb, Urb, Urb, Urb, Urb, Xos, Xos, Urb^Es, Urb^Es, Xos
Xos, Urb, Urb, Urb, Urb, Urb, Xos, Urb, Urb, Urb, Urb^Edt, Xos, Xos, Uu, Uu, Urb, Xos^Efs, Urb, Urb, Urb, Urb, Urb, Urb, Urb, Xos, Urb, Urb, Urb, Rr^Pr/, Xos, Xos, Urb, Urb, Urb, Urb, Sm, Xos, Xu, Xu, Uu^Uf, Ur^Em, Xos, Xos, Urb, Urb, Urb, Xos, Xos, Ur^Dr, Ss, Xu, Ur^Es, Xos
Xos, Xos^Efs, Urb, Urb, Urb, Xos^Efs, Rr^Pw\, Urb, Urb, Urb, Urb, Xos, Urb^Edt, Xos, Xos^Efs, Xos, Urb, Urb, Urb, Urb, Urb, Urb, Urb, Xos, Urb, Urb, Xos, Xos, Urb, Urb, Urb^Em, Xos^Efs, Xos, Urb^Edt, Xos, Xos, Ur^Dr, Ss, Uu^Edb, Xu, Xu, Ss, Ur, Xos, Xos, Xos, Xos, Sm, Xuc, Xuc, Sm, Ur, Xos
Xos, Xos, Urb, Urb, Urb, Urb, Urb, Xos, Urb, Urb, Urb, Xos, Urb, Urb, Urb, Urb, Urb, Urb, Urb, Xos, Urb, Urb, Urb, Xos, Rr^Pr/, Xos, Xos, Xos, Uu, Urb, Urb, Urb^Em, Xos, Xos, Sm, Xu, Ur^Edt, Xue, Xu, Xue, Ss, Uu, Ss, Xu, Uh, Xue, Xuc, Ur, Xuc, Ss, Xue, Ss, Xos
Xos, Xos, Urb^Es, Urb, Urb, Urb, Urb, Xos, Urb^Es, Urb, Urb, Xos, Urb, Urb, Urb, Urb, Urb, Urb, Urb^Es, Xos, Xos, Urb, Urb^Es, Xos, Urb^Em, Urb, Urb, Xos, Xos, Urb^Edt, Xos^Efs, Xos, Xuc, Xu, Qxu, Ss, Xuc, Ur, Xuc, Ur^Es, Xuc, Ur, Ss, Xuc, Xu, Ss, Ss, Xuc, Xue, Ur^Em, Ss, Xu, Xu
Xos, Xos^Efs, Urb, Urb, Urb, Urb, Xos, Xos, Xos, Urb, Urb, Xos, Urb^Es, Urb, Urb, Urb, Urb, Urb, Xos, Xos, Urb^Edb, Rr^Pr\, Xos, Xos, Urb, Urb, Uu, Xos, Xue, Xos, Sm, Ss, Ss, Qxu, Xu, Qxu, Xuc, Ur^Edt, Ur^Es, Ur^Em, Xu, Ur^Es, Ur, Ss, Ur^Es, Ur^Em, Xu, Sm, Sm, Xue, Xue, Ur, Xu
Xos, Urb, Urb, Urb, Urb, Urb, Xos^Efs, Xos, Xos, Rr^Pr|o, Xos, Xos, Xos, Rr^Pr|o, Xos, Urb^Edt, Xos, Rr^Pr/, Urb, Xos, Urb, Urb, Urb^Edb, Xos, Sm, Uu, Xos, Xos, Xu, Xuc, Ss, Xu, Ur^Edt, Xue, Ss, Xue, Ss, Xuc, Xue, Xuc, Ss, Xue, Xu, Xu, Xu, Xu, Xu, Uu, Xue, Ss, Ss, Ss, Xu
Xos, Urb, Urb, Urb, Urb, Urb, Urb, Xos, Urb, Urb^Em, Urb, Xos, Urb, Urb, Urb^Es, Xos, Uu, Urb, Urb, Xos, Urb, Urb, Uu, Xos, Xos, Xos, Xuc, Ur^Edt, Uu^Em, Uu, Xue, Xu, Xu, Ss, Xue, Ur, Ss, Sm, Xu, Sm, Xu, Ss, Ss, Uu, Xu, Ur, Xuc, Xue, Ur, Ur, Xuc, Ur, Xu
Xos, Urb, Urb, Urb, Urb, Urb, Urb^Ebn, Xos, Urb^Es, Urb, Urb, Urb, Urb, Urb, Urb, Xos, Sm, Urb, Urb^Edb, Xos, Urb^Em, Urb^Edt, Sm, Xos, Xu, Uu, Sm, Ss, Ss, Ss, Xuc, Sm, Ur, Ss, Ss, Xu, Sm, Xue, Ss, Ss, Xuc, Ss, Xu, Sm, Ss, Ss, Sm, Ss, Uu^Edb, Ur^Es, Xue, Ur^Em, Xu
Urb, Rr^Pw\, Xos, Urb, Xos, Urb^Es, Xos, Xos, Xos, Urb^Ebn, Xos, Urb, Xos, Urb^Ebn, Xos, Xos, Xos, Urb, Xos, Xos, Xos, Uu, Xos, Xos, Ss, Ur^Em, Xu, Xu, Xu, Xuc, Xos, Xuc, Xu, Xu, Xu, Xu, Xu, Ss, Xu, Uu^Em, Xu, Uu, Xu, Ur, Xu, Ur^Em, Xu, Ss, Xu, Ur^Edt, Xu, Uu^Uf, Xu
Xos, Xos, Xos, Xos, Xos, Xos, Xos, Xos, Xos, Xos, Xos, Xos, Xos, Xos, Xos, Xos, Xos, Xos, Xos, Xos, Xos, Xos, Xos, Xu, Ss, Xu, Xos, Xos, Xos, Xos, Xos, Xos, Xos, Xos, Xos, Xos, Xos, Xu, Xos, Xu, Xos, Xu, Xos, Xu, Xos, Xu, Xos, Xu, Xos, Xu, Xos, Xu, Xos
